Copyright 1986-2022 Xilinx, Inc. All Rights Reserved. Copyright 2022-2023 Advanced Micro Devices, Inc. All Rights Reserved.
--------------------------------------------------------------------------------------------------------------------------------------------------------------
| Tool Version : Vivado v.2023.2 (win64) Build 4029153 Fri Oct 13 20:14:34 MDT 2023
| Date         : Tue Apr  1 10:18:21 2025
| Host         : WINDOWS-RV84OD0 running 64-bit major release  (build 9200)
| Command      : report_methodology -file impl_top_methodology_drc_routed.rpt -pb impl_top_methodology_drc_routed.pb -rpx impl_top_methodology_drc_routed.rpx
| Design       : impl_top
| Device       : xc7a35tcpg236-1
| Speed File   : -1
| Design State : Fully Routed
--------------------------------------------------------------------------------------------------------------------------------------------------------------

Report Methodology

Table of Contents
-----------------
1. REPORT SUMMARY
2. REPORT DETAILS

1. REPORT SUMMARY
-----------------
            Netlist: netlist
          Floorplan: design_1
      Design limits: <entire design considered>
             Max violations: <unlimited>
             Violations found: 102
+-----------+----------+--------------------------------+------------+
| Rule      | Severity | Description                    | Violations |
+-----------+----------+--------------------------------+------------+
| SYNTH-10  | Warning  | Wide multiplier                | 3          |
| TIMING-18 | Warning  | Missing input or output delay  | 17         |
| TIMING-20 | Warning  | Non-clocked latch              | 81         |
| LATCH-1   | Advisory | Existing latches in the design | 1          |
+-----------+----------+--------------------------------+------------+

2. REPORT DETAILS
-----------------
SYNTH-10#1 Warning
Wide multiplier  
Detected multiplier at Complete_Mat_Mul/idxr/p_3_in of size 16x18, it is decomposed from a wide multipler into 4 DSP blocks.
Related violations: <none>

SYNTH-10#2 Warning
Wide multiplier  
Detected multiplier at Complete_Mat_Mul/idxr/p_3_in__0 of size 18x18, it is decomposed from a wide multipler into 4 DSP blocks.
Related violations: <none>

SYNTH-10#3 Warning
Wide multiplier  
Detected multiplier at Complete_Mat_Mul/idxr/p_3_in__1 of size 18x16, it is decomposed from a wide multipler into 4 DSP blocks.
Related violations: <none>

TIMING-18#1 Warning
Missing input or output delay  
An input delay is missing on i_btn relative to the rising and/or falling clock edge(s) of sys_clk_pin.
Related violations: <none>

TIMING-18#2 Warning
Missing input or output delay  
An output delay is missing on LED[0] relative to the rising and/or falling clock edge(s) of sys_clk_pin.
Related violations: <none>

TIMING-18#3 Warning
Missing input or output delay  
An output delay is missing on LED[10] relative to the rising and/or falling clock edge(s) of sys_clk_pin.
Related violations: <none>

TIMING-18#4 Warning
Missing input or output delay  
An output delay is missing on LED[11] relative to the rising and/or falling clock edge(s) of sys_clk_pin.
Related violations: <none>

TIMING-18#5 Warning
Missing input or output delay  
An output delay is missing on LED[12] relative to the rising and/or falling clock edge(s) of sys_clk_pin.
Related violations: <none>

TIMING-18#6 Warning
Missing input or output delay  
An output delay is missing on LED[13] relative to the rising and/or falling clock edge(s) of sys_clk_pin.
Related violations: <none>

TIMING-18#7 Warning
Missing input or output delay  
An output delay is missing on LED[14] relative to the rising and/or falling clock edge(s) of sys_clk_pin.
Related violations: <none>

TIMING-18#8 Warning
Missing input or output delay  
An output delay is missing on LED[15] relative to the rising and/or falling clock edge(s) of sys_clk_pin.
Related violations: <none>

TIMING-18#9 Warning
Missing input or output delay  
An output delay is missing on LED[1] relative to the rising and/or falling clock edge(s) of sys_clk_pin.
Related violations: <none>

TIMING-18#10 Warning
Missing input or output delay  
An output delay is missing on LED[2] relative to the rising and/or falling clock edge(s) of sys_clk_pin.
Related violations: <none>

TIMING-18#11 Warning
Missing input or output delay  
An output delay is missing on LED[3] relative to the rising and/or falling clock edge(s) of sys_clk_pin.
Related violations: <none>

TIMING-18#12 Warning
Missing input or output delay  
An output delay is missing on LED[4] relative to the rising and/or falling clock edge(s) of sys_clk_pin.
Related violations: <none>

TIMING-18#13 Warning
Missing input or output delay  
An output delay is missing on LED[5] relative to the rising and/or falling clock edge(s) of sys_clk_pin.
Related violations: <none>

TIMING-18#14 Warning
Missing input or output delay  
An output delay is missing on LED[6] relative to the rising and/or falling clock edge(s) of sys_clk_pin.
Related violations: <none>

TIMING-18#15 Warning
Missing input or output delay  
An output delay is missing on LED[7] relative to the rising and/or falling clock edge(s) of sys_clk_pin.
Related violations: <none>

TIMING-18#16 Warning
Missing input or output delay  
An output delay is missing on LED[8] relative to the rising and/or falling clock edge(s) of sys_clk_pin.
Related violations: <none>

TIMING-18#17 Warning
Missing input or output delay  
An output delay is missing on LED[9] relative to the rising and/or falling clock edge(s) of sys_clk_pin.
Related violations: <none>

TIMING-20#1 Warning
Non-clocked latch  
The latch Complete_Mat_Mul/pipe_gen[0].Pipeline/mult_core/mul_gen[0].mult/m_pull_reg cannot be properly analyzed as its control pin Complete_Mat_Mul/pipe_gen[0].Pipeline/mult_core/mul_gen[0].mult/m_pull_reg/G is not reached by a timing clock
Related violations: <none>

TIMING-20#2 Warning
Non-clocked latch  
The latch Complete_Mat_Mul/pipe_gen[0].Pipeline/mult_core/mul_gen[1].mult/m_pull_reg cannot be properly analyzed as its control pin Complete_Mat_Mul/pipe_gen[0].Pipeline/mult_core/mul_gen[1].mult/m_pull_reg/G is not reached by a timing clock
Related violations: <none>

TIMING-20#3 Warning
Non-clocked latch  
The latch Complete_Mat_Mul/pipe_gen[0].Pipeline/mult_core/mul_gen[2].mult/m_pull_reg cannot be properly analyzed as its control pin Complete_Mat_Mul/pipe_gen[0].Pipeline/mult_core/mul_gen[2].mult/m_pull_reg/G is not reached by a timing clock
Related violations: <none>

TIMING-20#4 Warning
Non-clocked latch  
The latch Complete_Mat_Mul/pipe_gen[0].Pipeline/mult_core/mul_gen[3].mult/m_pull_reg cannot be properly analyzed as its control pin Complete_Mat_Mul/pipe_gen[0].Pipeline/mult_core/mul_gen[3].mult/m_pull_reg/G is not reached by a timing clock
Related violations: <none>

TIMING-20#5 Warning
Non-clocked latch  
The latch Complete_Mat_Mul/pipe_gen[0].Pipeline/mult_core/mul_gen[4].mult/m_pull_reg cannot be properly analyzed as its control pin Complete_Mat_Mul/pipe_gen[0].Pipeline/mult_core/mul_gen[4].mult/m_pull_reg/G is not reached by a timing clock
Related violations: <none>

TIMING-20#6 Warning
Non-clocked latch  
The latch Complete_Mat_Mul/pipe_gen[0].Pipeline/mult_core/mul_gen[5].mult/m_pull_reg cannot be properly analyzed as its control pin Complete_Mat_Mul/pipe_gen[0].Pipeline/mult_core/mul_gen[5].mult/m_pull_reg/G is not reached by a timing clock
Related violations: <none>

TIMING-20#7 Warning
Non-clocked latch  
The latch Complete_Mat_Mul/pipe_gen[0].Pipeline/mult_core/mul_gen[6].mult/m_pull_reg cannot be properly analyzed as its control pin Complete_Mat_Mul/pipe_gen[0].Pipeline/mult_core/mul_gen[6].mult/m_pull_reg/G is not reached by a timing clock
Related violations: <none>

TIMING-20#8 Warning
Non-clocked latch  
The latch Complete_Mat_Mul/pipe_gen[0].Pipeline/mult_core/mul_gen[7].mult/m_pull_reg cannot be properly analyzed as its control pin Complete_Mat_Mul/pipe_gen[0].Pipeline/mult_core/mul_gen[7].mult/m_pull_reg/G is not reached by a timing clock
Related violations: <none>

TIMING-20#9 Warning
Non-clocked latch  
The latch Complete_Mat_Mul/pipe_gen[1].Pipeline/mult_core/mul_gen[0].mult/m_pull_reg cannot be properly analyzed as its control pin Complete_Mat_Mul/pipe_gen[1].Pipeline/mult_core/mul_gen[0].mult/m_pull_reg/G is not reached by a timing clock
Related violations: <none>

TIMING-20#10 Warning
Non-clocked latch  
The latch Complete_Mat_Mul/pipe_gen[1].Pipeline/mult_core/mul_gen[1].mult/m_pull_reg cannot be properly analyzed as its control pin Complete_Mat_Mul/pipe_gen[1].Pipeline/mult_core/mul_gen[1].mult/m_pull_reg/G is not reached by a timing clock
Related violations: <none>

TIMING-20#11 Warning
Non-clocked latch  
The latch Complete_Mat_Mul/pipe_gen[1].Pipeline/mult_core/mul_gen[2].mult/m_pull_reg cannot be properly analyzed as its control pin Complete_Mat_Mul/pipe_gen[1].Pipeline/mult_core/mul_gen[2].mult/m_pull_reg/G is not reached by a timing clock
Related violations: <none>

TIMING-20#12 Warning
Non-clocked latch  
The latch Complete_Mat_Mul/pipe_gen[1].Pipeline/mult_core/mul_gen[3].mult/m_pull_reg cannot be properly analyzed as its control pin Complete_Mat_Mul/pipe_gen[1].Pipeline/mult_core/mul_gen[3].mult/m_pull_reg/G is not reached by a timing clock
Related violations: <none>

TIMING-20#13 Warning
Non-clocked latch  
The latch Complete_Mat_Mul/pipe_gen[1].Pipeline/mult_core/mul_gen[4].mult/m_pull_reg cannot be properly analyzed as its control pin Complete_Mat_Mul/pipe_gen[1].Pipeline/mult_core/mul_gen[4].mult/m_pull_reg/G is not reached by a timing clock
Related violations: <none>

TIMING-20#14 Warning
Non-clocked latch  
The latch Complete_Mat_Mul/pipe_gen[1].Pipeline/mult_core/mul_gen[5].mult/m_pull_reg cannot be properly analyzed as its control pin Complete_Mat_Mul/pipe_gen[1].Pipeline/mult_core/mul_gen[5].mult/m_pull_reg/G is not reached by a timing clock
Related violations: <none>

TIMING-20#15 Warning
Non-clocked latch  
The latch Complete_Mat_Mul/pipe_gen[1].Pipeline/mult_core/mul_gen[6].mult/m_pull_reg cannot be properly analyzed as its control pin Complete_Mat_Mul/pipe_gen[1].Pipeline/mult_core/mul_gen[6].mult/m_pull_reg/G is not reached by a timing clock
Related violations: <none>

TIMING-20#16 Warning
Non-clocked latch  
The latch Complete_Mat_Mul/pipe_gen[1].Pipeline/mult_core/mul_gen[7].mult/m_pull_reg cannot be properly analyzed as its control pin Complete_Mat_Mul/pipe_gen[1].Pipeline/mult_core/mul_gen[7].mult/m_pull_reg/G is not reached by a timing clock
Related violations: <none>

TIMING-20#17 Warning
Non-clocked latch  
The latch Complete_Mat_Mul/pipe_splitter/next_split_vals_reg[0][0] cannot be properly analyzed as its control pin Complete_Mat_Mul/pipe_splitter/next_split_vals_reg[0][0]/G is not reached by a timing clock
Related violations: <none>

TIMING-20#18 Warning
Non-clocked latch  
The latch Complete_Mat_Mul/pipe_splitter/next_split_vals_reg[0][10] cannot be properly analyzed as its control pin Complete_Mat_Mul/pipe_splitter/next_split_vals_reg[0][10]/G is not reached by a timing clock
Related violations: <none>

TIMING-20#19 Warning
Non-clocked latch  
The latch Complete_Mat_Mul/pipe_splitter/next_split_vals_reg[0][11] cannot be properly analyzed as its control pin Complete_Mat_Mul/pipe_splitter/next_split_vals_reg[0][11]/G is not reached by a timing clock
Related violations: <none>

TIMING-20#20 Warning
Non-clocked latch  
The latch Complete_Mat_Mul/pipe_splitter/next_split_vals_reg[0][12] cannot be properly analyzed as its control pin Complete_Mat_Mul/pipe_splitter/next_split_vals_reg[0][12]/G is not reached by a timing clock
Related violations: <none>

TIMING-20#21 Warning
Non-clocked latch  
The latch Complete_Mat_Mul/pipe_splitter/next_split_vals_reg[0][13] cannot be properly analyzed as its control pin Complete_Mat_Mul/pipe_splitter/next_split_vals_reg[0][13]/G is not reached by a timing clock
Related violations: <none>

TIMING-20#22 Warning
Non-clocked latch  
The latch Complete_Mat_Mul/pipe_splitter/next_split_vals_reg[0][14] cannot be properly analyzed as its control pin Complete_Mat_Mul/pipe_splitter/next_split_vals_reg[0][14]/G is not reached by a timing clock
Related violations: <none>

TIMING-20#23 Warning
Non-clocked latch  
The latch Complete_Mat_Mul/pipe_splitter/next_split_vals_reg[0][15] cannot be properly analyzed as its control pin Complete_Mat_Mul/pipe_splitter/next_split_vals_reg[0][15]/G is not reached by a timing clock
Related violations: <none>

TIMING-20#24 Warning
Non-clocked latch  
The latch Complete_Mat_Mul/pipe_splitter/next_split_vals_reg[0][16] cannot be properly analyzed as its control pin Complete_Mat_Mul/pipe_splitter/next_split_vals_reg[0][16]/G is not reached by a timing clock
Related violations: <none>

TIMING-20#25 Warning
Non-clocked latch  
The latch Complete_Mat_Mul/pipe_splitter/next_split_vals_reg[0][17] cannot be properly analyzed as its control pin Complete_Mat_Mul/pipe_splitter/next_split_vals_reg[0][17]/G is not reached by a timing clock
Related violations: <none>

TIMING-20#26 Warning
Non-clocked latch  
The latch Complete_Mat_Mul/pipe_splitter/next_split_vals_reg[0][18] cannot be properly analyzed as its control pin Complete_Mat_Mul/pipe_splitter/next_split_vals_reg[0][18]/G is not reached by a timing clock
Related violations: <none>

TIMING-20#27 Warning
Non-clocked latch  
The latch Complete_Mat_Mul/pipe_splitter/next_split_vals_reg[0][19] cannot be properly analyzed as its control pin Complete_Mat_Mul/pipe_splitter/next_split_vals_reg[0][19]/G is not reached by a timing clock
Related violations: <none>

TIMING-20#28 Warning
Non-clocked latch  
The latch Complete_Mat_Mul/pipe_splitter/next_split_vals_reg[0][1] cannot be properly analyzed as its control pin Complete_Mat_Mul/pipe_splitter/next_split_vals_reg[0][1]/G is not reached by a timing clock
Related violations: <none>

TIMING-20#29 Warning
Non-clocked latch  
The latch Complete_Mat_Mul/pipe_splitter/next_split_vals_reg[0][20] cannot be properly analyzed as its control pin Complete_Mat_Mul/pipe_splitter/next_split_vals_reg[0][20]/G is not reached by a timing clock
Related violations: <none>

TIMING-20#30 Warning
Non-clocked latch  
The latch Complete_Mat_Mul/pipe_splitter/next_split_vals_reg[0][21] cannot be properly analyzed as its control pin Complete_Mat_Mul/pipe_splitter/next_split_vals_reg[0][21]/G is not reached by a timing clock
Related violations: <none>

TIMING-20#31 Warning
Non-clocked latch  
The latch Complete_Mat_Mul/pipe_splitter/next_split_vals_reg[0][22] cannot be properly analyzed as its control pin Complete_Mat_Mul/pipe_splitter/next_split_vals_reg[0][22]/G is not reached by a timing clock
Related violations: <none>

TIMING-20#32 Warning
Non-clocked latch  
The latch Complete_Mat_Mul/pipe_splitter/next_split_vals_reg[0][23] cannot be properly analyzed as its control pin Complete_Mat_Mul/pipe_splitter/next_split_vals_reg[0][23]/G is not reached by a timing clock
Related violations: <none>

TIMING-20#33 Warning
Non-clocked latch  
The latch Complete_Mat_Mul/pipe_splitter/next_split_vals_reg[0][24] cannot be properly analyzed as its control pin Complete_Mat_Mul/pipe_splitter/next_split_vals_reg[0][24]/G is not reached by a timing clock
Related violations: <none>

TIMING-20#34 Warning
Non-clocked latch  
The latch Complete_Mat_Mul/pipe_splitter/next_split_vals_reg[0][25] cannot be properly analyzed as its control pin Complete_Mat_Mul/pipe_splitter/next_split_vals_reg[0][25]/G is not reached by a timing clock
Related violations: <none>

TIMING-20#35 Warning
Non-clocked latch  
The latch Complete_Mat_Mul/pipe_splitter/next_split_vals_reg[0][26] cannot be properly analyzed as its control pin Complete_Mat_Mul/pipe_splitter/next_split_vals_reg[0][26]/G is not reached by a timing clock
Related violations: <none>

TIMING-20#36 Warning
Non-clocked latch  
The latch Complete_Mat_Mul/pipe_splitter/next_split_vals_reg[0][27] cannot be properly analyzed as its control pin Complete_Mat_Mul/pipe_splitter/next_split_vals_reg[0][27]/G is not reached by a timing clock
Related violations: <none>

TIMING-20#37 Warning
Non-clocked latch  
The latch Complete_Mat_Mul/pipe_splitter/next_split_vals_reg[0][28] cannot be properly analyzed as its control pin Complete_Mat_Mul/pipe_splitter/next_split_vals_reg[0][28]/G is not reached by a timing clock
Related violations: <none>

TIMING-20#38 Warning
Non-clocked latch  
The latch Complete_Mat_Mul/pipe_splitter/next_split_vals_reg[0][29] cannot be properly analyzed as its control pin Complete_Mat_Mul/pipe_splitter/next_split_vals_reg[0][29]/G is not reached by a timing clock
Related violations: <none>

TIMING-20#39 Warning
Non-clocked latch  
The latch Complete_Mat_Mul/pipe_splitter/next_split_vals_reg[0][2] cannot be properly analyzed as its control pin Complete_Mat_Mul/pipe_splitter/next_split_vals_reg[0][2]/G is not reached by a timing clock
Related violations: <none>

TIMING-20#40 Warning
Non-clocked latch  
The latch Complete_Mat_Mul/pipe_splitter/next_split_vals_reg[0][30] cannot be properly analyzed as its control pin Complete_Mat_Mul/pipe_splitter/next_split_vals_reg[0][30]/G is not reached by a timing clock
Related violations: <none>

TIMING-20#41 Warning
Non-clocked latch  
The latch Complete_Mat_Mul/pipe_splitter/next_split_vals_reg[0][31] cannot be properly analyzed as its control pin Complete_Mat_Mul/pipe_splitter/next_split_vals_reg[0][31]/G is not reached by a timing clock
Related violations: <none>

TIMING-20#42 Warning
Non-clocked latch  
The latch Complete_Mat_Mul/pipe_splitter/next_split_vals_reg[0][3] cannot be properly analyzed as its control pin Complete_Mat_Mul/pipe_splitter/next_split_vals_reg[0][3]/G is not reached by a timing clock
Related violations: <none>

TIMING-20#43 Warning
Non-clocked latch  
The latch Complete_Mat_Mul/pipe_splitter/next_split_vals_reg[0][4] cannot be properly analyzed as its control pin Complete_Mat_Mul/pipe_splitter/next_split_vals_reg[0][4]/G is not reached by a timing clock
Related violations: <none>

TIMING-20#44 Warning
Non-clocked latch  
The latch Complete_Mat_Mul/pipe_splitter/next_split_vals_reg[0][5] cannot be properly analyzed as its control pin Complete_Mat_Mul/pipe_splitter/next_split_vals_reg[0][5]/G is not reached by a timing clock
Related violations: <none>

TIMING-20#45 Warning
Non-clocked latch  
The latch Complete_Mat_Mul/pipe_splitter/next_split_vals_reg[0][6] cannot be properly analyzed as its control pin Complete_Mat_Mul/pipe_splitter/next_split_vals_reg[0][6]/G is not reached by a timing clock
Related violations: <none>

TIMING-20#46 Warning
Non-clocked latch  
The latch Complete_Mat_Mul/pipe_splitter/next_split_vals_reg[0][7] cannot be properly analyzed as its control pin Complete_Mat_Mul/pipe_splitter/next_split_vals_reg[0][7]/G is not reached by a timing clock
Related violations: <none>

TIMING-20#47 Warning
Non-clocked latch  
The latch Complete_Mat_Mul/pipe_splitter/next_split_vals_reg[0][8] cannot be properly analyzed as its control pin Complete_Mat_Mul/pipe_splitter/next_split_vals_reg[0][8]/G is not reached by a timing clock
Related violations: <none>

TIMING-20#48 Warning
Non-clocked latch  
The latch Complete_Mat_Mul/pipe_splitter/next_split_vals_reg[0][9] cannot be properly analyzed as its control pin Complete_Mat_Mul/pipe_splitter/next_split_vals_reg[0][9]/G is not reached by a timing clock
Related violations: <none>

TIMING-20#49 Warning
Non-clocked latch  
The latch Complete_Mat_Mul/pipe_splitter/next_split_vals_reg[1][0] cannot be properly analyzed as its control pin Complete_Mat_Mul/pipe_splitter/next_split_vals_reg[1][0]/G is not reached by a timing clock
Related violations: <none>

TIMING-20#50 Warning
Non-clocked latch  
The latch Complete_Mat_Mul/pipe_splitter/next_split_vals_reg[1][10] cannot be properly analyzed as its control pin Complete_Mat_Mul/pipe_splitter/next_split_vals_reg[1][10]/G is not reached by a timing clock
Related violations: <none>

TIMING-20#51 Warning
Non-clocked latch  
The latch Complete_Mat_Mul/pipe_splitter/next_split_vals_reg[1][11] cannot be properly analyzed as its control pin Complete_Mat_Mul/pipe_splitter/next_split_vals_reg[1][11]/G is not reached by a timing clock
Related violations: <none>

TIMING-20#52 Warning
Non-clocked latch  
The latch Complete_Mat_Mul/pipe_splitter/next_split_vals_reg[1][12] cannot be properly analyzed as its control pin Complete_Mat_Mul/pipe_splitter/next_split_vals_reg[1][12]/G is not reached by a timing clock
Related violations: <none>

TIMING-20#53 Warning
Non-clocked latch  
The latch Complete_Mat_Mul/pipe_splitter/next_split_vals_reg[1][13] cannot be properly analyzed as its control pin Complete_Mat_Mul/pipe_splitter/next_split_vals_reg[1][13]/G is not reached by a timing clock
Related violations: <none>

TIMING-20#54 Warning
Non-clocked latch  
The latch Complete_Mat_Mul/pipe_splitter/next_split_vals_reg[1][14] cannot be properly analyzed as its control pin Complete_Mat_Mul/pipe_splitter/next_split_vals_reg[1][14]/G is not reached by a timing clock
Related violations: <none>

TIMING-20#55 Warning
Non-clocked latch  
The latch Complete_Mat_Mul/pipe_splitter/next_split_vals_reg[1][15] cannot be properly analyzed as its control pin Complete_Mat_Mul/pipe_splitter/next_split_vals_reg[1][15]/G is not reached by a timing clock
Related violations: <none>

TIMING-20#56 Warning
Non-clocked latch  
The latch Complete_Mat_Mul/pipe_splitter/next_split_vals_reg[1][16] cannot be properly analyzed as its control pin Complete_Mat_Mul/pipe_splitter/next_split_vals_reg[1][16]/G is not reached by a timing clock
Related violations: <none>

TIMING-20#57 Warning
Non-clocked latch  
The latch Complete_Mat_Mul/pipe_splitter/next_split_vals_reg[1][17] cannot be properly analyzed as its control pin Complete_Mat_Mul/pipe_splitter/next_split_vals_reg[1][17]/G is not reached by a timing clock
Related violations: <none>

TIMING-20#58 Warning
Non-clocked latch  
The latch Complete_Mat_Mul/pipe_splitter/next_split_vals_reg[1][18] cannot be properly analyzed as its control pin Complete_Mat_Mul/pipe_splitter/next_split_vals_reg[1][18]/G is not reached by a timing clock
Related violations: <none>

TIMING-20#59 Warning
Non-clocked latch  
The latch Complete_Mat_Mul/pipe_splitter/next_split_vals_reg[1][19] cannot be properly analyzed as its control pin Complete_Mat_Mul/pipe_splitter/next_split_vals_reg[1][19]/G is not reached by a timing clock
Related violations: <none>

TIMING-20#60 Warning
Non-clocked latch  
The latch Complete_Mat_Mul/pipe_splitter/next_split_vals_reg[1][1] cannot be properly analyzed as its control pin Complete_Mat_Mul/pipe_splitter/next_split_vals_reg[1][1]/G is not reached by a timing clock
Related violations: <none>

TIMING-20#61 Warning
Non-clocked latch  
The latch Complete_Mat_Mul/pipe_splitter/next_split_vals_reg[1][20] cannot be properly analyzed as its control pin Complete_Mat_Mul/pipe_splitter/next_split_vals_reg[1][20]/G is not reached by a timing clock
Related violations: <none>

TIMING-20#62 Warning
Non-clocked latch  
The latch Complete_Mat_Mul/pipe_splitter/next_split_vals_reg[1][21] cannot be properly analyzed as its control pin Complete_Mat_Mul/pipe_splitter/next_split_vals_reg[1][21]/G is not reached by a timing clock
Related violations: <none>

TIMING-20#63 Warning
Non-clocked latch  
The latch Complete_Mat_Mul/pipe_splitter/next_split_vals_reg[1][22] cannot be properly analyzed as its control pin Complete_Mat_Mul/pipe_splitter/next_split_vals_reg[1][22]/G is not reached by a timing clock
Related violations: <none>

TIMING-20#64 Warning
Non-clocked latch  
The latch Complete_Mat_Mul/pipe_splitter/next_split_vals_reg[1][23] cannot be properly analyzed as its control pin Complete_Mat_Mul/pipe_splitter/next_split_vals_reg[1][23]/G is not reached by a timing clock
Related violations: <none>

TIMING-20#65 Warning
Non-clocked latch  
The latch Complete_Mat_Mul/pipe_splitter/next_split_vals_reg[1][24] cannot be properly analyzed as its control pin Complete_Mat_Mul/pipe_splitter/next_split_vals_reg[1][24]/G is not reached by a timing clock
Related violations: <none>

TIMING-20#66 Warning
Non-clocked latch  
The latch Complete_Mat_Mul/pipe_splitter/next_split_vals_reg[1][25] cannot be properly analyzed as its control pin Complete_Mat_Mul/pipe_splitter/next_split_vals_reg[1][25]/G is not reached by a timing clock
Related violations: <none>

TIMING-20#67 Warning
Non-clocked latch  
The latch Complete_Mat_Mul/pipe_splitter/next_split_vals_reg[1][26] cannot be properly analyzed as its control pin Complete_Mat_Mul/pipe_splitter/next_split_vals_reg[1][26]/G is not reached by a timing clock
Related violations: <none>

TIMING-20#68 Warning
Non-clocked latch  
The latch Complete_Mat_Mul/pipe_splitter/next_split_vals_reg[1][27] cannot be properly analyzed as its control pin Complete_Mat_Mul/pipe_splitter/next_split_vals_reg[1][27]/G is not reached by a timing clock
Related violations: <none>

TIMING-20#69 Warning
Non-clocked latch  
The latch Complete_Mat_Mul/pipe_splitter/next_split_vals_reg[1][28] cannot be properly analyzed as its control pin Complete_Mat_Mul/pipe_splitter/next_split_vals_reg[1][28]/G is not reached by a timing clock
Related violations: <none>

TIMING-20#70 Warning
Non-clocked latch  
The latch Complete_Mat_Mul/pipe_splitter/next_split_vals_reg[1][29] cannot be properly analyzed as its control pin Complete_Mat_Mul/pipe_splitter/next_split_vals_reg[1][29]/G is not reached by a timing clock
Related violations: <none>

TIMING-20#71 Warning
Non-clocked latch  
The latch Complete_Mat_Mul/pipe_splitter/next_split_vals_reg[1][2] cannot be properly analyzed as its control pin Complete_Mat_Mul/pipe_splitter/next_split_vals_reg[1][2]/G is not reached by a timing clock
Related violations: <none>

TIMING-20#72 Warning
Non-clocked latch  
The latch Complete_Mat_Mul/pipe_splitter/next_split_vals_reg[1][30] cannot be properly analyzed as its control pin Complete_Mat_Mul/pipe_splitter/next_split_vals_reg[1][30]/G is not reached by a timing clock
Related violations: <none>

TIMING-20#73 Warning
Non-clocked latch  
The latch Complete_Mat_Mul/pipe_splitter/next_split_vals_reg[1][31] cannot be properly analyzed as its control pin Complete_Mat_Mul/pipe_splitter/next_split_vals_reg[1][31]/G is not reached by a timing clock
Related violations: <none>

TIMING-20#74 Warning
Non-clocked latch  
The latch Complete_Mat_Mul/pipe_splitter/next_split_vals_reg[1][3] cannot be properly analyzed as its control pin Complete_Mat_Mul/pipe_splitter/next_split_vals_reg[1][3]/G is not reached by a timing clock
Related violations: <none>

TIMING-20#75 Warning
Non-clocked latch  
The latch Complete_Mat_Mul/pipe_splitter/next_split_vals_reg[1][4] cannot be properly analyzed as its control pin Complete_Mat_Mul/pipe_splitter/next_split_vals_reg[1][4]/G is not reached by a timing clock
Related violations: <none>

TIMING-20#76 Warning
Non-clocked latch  
The latch Complete_Mat_Mul/pipe_splitter/next_split_vals_reg[1][5] cannot be properly analyzed as its control pin Complete_Mat_Mul/pipe_splitter/next_split_vals_reg[1][5]/G is not reached by a timing clock
Related violations: <none>

TIMING-20#77 Warning
Non-clocked latch  
The latch Complete_Mat_Mul/pipe_splitter/next_split_vals_reg[1][6] cannot be properly analyzed as its control pin Complete_Mat_Mul/pipe_splitter/next_split_vals_reg[1][6]/G is not reached by a timing clock
Related violations: <none>

TIMING-20#78 Warning
Non-clocked latch  
The latch Complete_Mat_Mul/pipe_splitter/next_split_vals_reg[1][7] cannot be properly analyzed as its control pin Complete_Mat_Mul/pipe_splitter/next_split_vals_reg[1][7]/G is not reached by a timing clock
Related violations: <none>

TIMING-20#79 Warning
Non-clocked latch  
The latch Complete_Mat_Mul/pipe_splitter/next_split_vals_reg[1][8] cannot be properly analyzed as its control pin Complete_Mat_Mul/pipe_splitter/next_split_vals_reg[1][8]/G is not reached by a timing clock
Related violations: <none>

TIMING-20#80 Warning
Non-clocked latch  
The latch Complete_Mat_Mul/pipe_splitter/next_split_vals_reg[1][9] cannot be properly analyzed as its control pin Complete_Mat_Mul/pipe_splitter/next_split_vals_reg[1][9]/G is not reached by a timing clock
Related violations: <none>

TIMING-20#81 Warning
Non-clocked latch  
The latch Complete_Mat_Mul/pipe_splitter/next_state_reg cannot be properly analyzed as its control pin Complete_Mat_Mul/pipe_splitter/next_state_reg/G is not reached by a timing clock
Related violations: <none>

LATCH-1#1 Advisory
Existing latches in the design  
There are 81 latches found in the design. Inferred latches are often the result of HDL coding mistakes, such as incomplete if or case statements.
Related violations: <none>


